=== UDEV ===
Desired=Unknown/Install/Remove/Purge/Hold
| Status=Not/Inst/Conf-files/Unpacked/halF-conf/Half-inst/trig-aWait/Trig-pend
|/ Err?=(none)/Reinst-required (Status,Err: uppercase=bad)
||/ Name           Version      Architecture Description
+++-==============-============-============-=================================
un  udev           <none>       <none>       (no description available)

=== FAILED UNITS ===
  UNIT                             LOAD   ACTIVE SUB    DESCRIPTION
● fic-device.service               loaded failed failed FIC device control daemon
● fic_get_device_udev_info.service loaded failed failed FIC late UDEV device reconciliation
● getty@tty1.service               loaded failed failed Getty on tty1

LOAD   = Reflects whether the unit definition was properly loaded.
ACTIVE = The high-level unit activation state, i.e. generalization of SUB.
SUB    = The low-level unit activation state, values depend on unit type.
3 loaded units listed.

=== FIC STATUS ===
● fic.service - FIC policy daemon
     Loaded: loaded (/lib/systemd/system/fic.service; enabled; preset: enabled)
     Active: active (running) since Sat 2026-08-29 16:58:28 UTC; 1min 8s ago
   Main PID: 1264 (fic)
      Tasks: 1 (limit: 19127)
     Memory: 4.0M
        CPU: 26ms
     CGroup: /docker/871fc6830f08a0e93be702e060d50d6935248923d2ef826d6671c62257340d76/system.slice/fic.service
             └─1264 /opt/fic/bin/fic --interval 1800

Aug 29 16:58:28 fic-pam-20260829-195810-135396-debian12-bootstrap systemd[1]: Started fic.service - FIC policy daemon.
Aug 29 16:58:28 fic-pam-20260829-195810-135396-debian12-bootstrap fic[1264]: policy apply pass reason=startup ok=true firewall_reconciliation=ok total=97 applied=2 failed=0 disabled=95 not_found=0
Aug 29 16:58:28 fic-pam-20260829-195810-135396-debian12-bootstrap fic[1264]: fic daemon started, socket=/run/fic/fic.sock, interval=1800s, target-platform=debian-12

× fic-device.service - FIC device control daemon
     Loaded: loaded (/lib/systemd/system/fic-device.service; enabled; preset: enabled)
     Active: failed (Result: exit-code) since Sat 2026-08-29 16:58:30 UTC; 1min 6s ago
   Duration: 12ms
    Process: 1333 ExecStart=/opt/fic/bin/fic-dick --daemon (code=exited, status=1/FAILURE)
   Main PID: 1333 (code=exited, status=1/FAILURE)
        CPU: 6ms

Aug 29 16:58:30 fic-pam-20260829-195810-135396-debian12-bootstrap systemd[1]: fic-device.service: Scheduled restart job, restart counter is at 7.
Aug 29 16:58:30 fic-pam-20260829-195810-135396-debian12-bootstrap systemd[1]: Stopped fic-device.service - FIC device control daemon.
Aug 29 16:58:30 fic-pam-20260829-195810-135396-debian12-bootstrap systemd[1]: fic-device.service: Start request repeated too quickly.
Aug 29 16:58:30 fic-pam-20260829-195810-135396-debian12-bootstrap systemd[1]: fic-device.service: Failed with result 'exit-code'.
Aug 29 16:58:30 fic-pam-20260829-195810-135396-debian12-bootstrap systemd[1]: Failed to start fic-device.service - FIC device control daemon.

○ fic_get_device_info.service - FIC cpu/motherboard/memory info collector
     Loaded: loaded (/lib/systemd/system/fic_get_device_info.service; enabled; preset: enabled)
     Active: inactive (dead)

× fic_get_device_udev_info.service - FIC late UDEV device reconciliation
     Loaded: loaded (/lib/systemd/system/fic_get_device_udev_info.service; enabled; preset: enabled)
     Active: failed (Result: exit-code) since Sat 2026-08-29 16:58:29 UTC; 1min 8s ago
   Main PID: 1303 (code=exited, status=1/FAILURE)
        CPU: 2ms

Aug 29 16:58:29 fic-pam-20260829-195810-135396-debian12-bootstrap systemd[1]: Starting fic_get_device_udev_info.service - FIC late UDEV device reconciliation...
Aug 29 16:58:29 fic-pam-20260829-195810-135396-debian12-bootstrap fic-udevadm-trigger[1303]: udevadm not found
Aug 29 16:58:29 fic-pam-20260829-195810-135396-debian12-bootstrap systemd[1]: fic_get_device_udev_info.service: Main process exited, code=exited, status=1/FAILURE
Aug 29 16:58:29 fic-pam-20260829-195810-135396-debian12-bootstrap systemd[1]: fic_get_device_udev_info.service: Failed with result 'exit-code'.
Aug 29 16:58:29 fic-pam-20260829-195810-135396-debian12-bootstrap systemd[1]: Failed to start fic_get_device_udev_info.service - FIC late UDEV device reconciliation.

● fic-notify.service - FIC desktop notification dispatcher
     Loaded: loaded (/lib/systemd/system/fic-notify.service; enabled; preset: enabled)
     Active: active (running) since Sat 2026-08-29 16:58:29 UTC; 1min 8s ago
   Main PID: 1319 (bash)
      Tasks: 2 (limit: 19127)
     Memory: 648.0K
        CPU: 67ms
     CGroup: /docker/871fc6830f08a0e93be702e060d50d6935248923d2ef826d6671c62257340d76/system.slice/fic-notify.service
             ├─1319 bash /opt/fic/bin/fic-notify-dispatcher
             └─1367 sleep 2

Aug 29 16:58:29 fic-pam-20260829-195810-135396-debian12-bootstrap systemd[1]: Started fic-notify.service - FIC desktop notification dispatcher.

=== FIC JOURNAL ===
Aug 29 16:58:28 fic-pam-20260829-195810-135396-debian12-bootstrap systemd[1]: Started fic.service - FIC policy daemon.
Aug 29 16:58:28 fic-pam-20260829-195810-135396-debian12-bootstrap fic[1264]: policy apply pass reason=startup ok=true firewall_reconciliation=ok total=97 applied=2 failed=0 disabled=95 not_found=0
Aug 29 16:58:28 fic-pam-20260829-195810-135396-debian12-bootstrap fic[1264]: fic daemon started, socket=/run/fic/fic.sock, interval=1800s, target-platform=debian-12

=== DEVICE JOURNAL ===
Aug 29 16:58:28 fic-pam-20260829-195810-135396-debian12-bootstrap systemd[1]: Started fic-device.service - FIC device control daemon.
Aug 29 16:58:28 fic-pam-20260829-195810-135396-debian12-bootstrap fic-dick[1286]: [2026-08-29 16:58:28.697 +0000] [ERROR] device policy activation failed: udevadm not found
Aug 29 16:58:28 fic-pam-20260829-195810-135396-debian12-bootstrap fic-dick[1286]: failed to activate device policy: udevadm not found
Aug 29 16:58:28 fic-pam-20260829-195810-135396-debian12-bootstrap systemd[1]: fic-device.service: Main process exited, code=exited, status=1/FAILURE
Aug 29 16:58:28 fic-pam-20260829-195810-135396-debian12-bootstrap systemd[1]: fic-device.service: Failed with result 'exit-code'.
Aug 29 16:58:28 fic-pam-20260829-195810-135396-debian12-bootstrap systemd[1]: fic-device.service: Scheduled restart job, restart counter is at 1.
Aug 29 16:58:28 fic-pam-20260829-195810-135396-debian12-bootstrap systemd[1]: Stopped fic-device.service - FIC device control daemon.
Aug 29 16:58:29 fic-pam-20260829-195810-135396-debian12-bootstrap systemd[1]: Started fic-device.service - FIC device control daemon.
Aug 29 16:58:29 fic-pam-20260829-195810-135396-debian12-bootstrap fic-dick[1302]: [2026-08-29 16:58:29.014 +0000] [ERROR] device policy activation failed: udevadm not found
Aug 29 16:58:29 fic-pam-20260829-195810-135396-debian12-bootstrap fic-dick[1302]: failed to activate device policy: udevadm not found
Aug 29 16:58:29 fic-pam-20260829-195810-135396-debian12-bootstrap systemd[1]: fic-device.service: Main process exited, code=exited, status=1/FAILURE
Aug 29 16:58:29 fic-pam-20260829-195810-135396-debian12-bootstrap systemd[1]: fic-device.service: Failed with result 'exit-code'.
Aug 29 16:58:29 fic-pam-20260829-195810-135396-debian12-bootstrap systemd[1]: fic-device.service: Scheduled restart job, restart counter is at 2.
Aug 29 16:58:29 fic-pam-20260829-195810-135396-debian12-bootstrap systemd[1]: Stopped fic-device.service - FIC device control daemon.
Aug 29 16:58:29 fic-pam-20260829-195810-135396-debian12-bootstrap systemd[1]: Started fic-device.service - FIC device control daemon.
Aug 29 16:58:29 fic-pam-20260829-195810-135396-debian12-bootstrap fic-dick[1329]: [2026-08-29 16:58:29.281 +0000] [ERROR] device policy activation failed: udevadm not found
Aug 29 16:58:29 fic-pam-20260829-195810-135396-debian12-bootstrap fic-dick[1329]: failed to activate device policy: udevadm not found
Aug 29 16:58:29 fic-pam-20260829-195810-135396-debian12-bootstrap systemd[1]: fic-device.service: Main process exited, code=exited, status=1/FAILURE
Aug 29 16:58:29 fic-pam-20260829-195810-135396-debian12-bootstrap systemd[1]: fic-device.service: Failed with result 'exit-code'.
Aug 29 16:58:29 fic-pam-20260829-195810-135396-debian12-bootstrap systemd[1]: fic-device.service: Scheduled restart job, restart counter is at 3.
Aug 29 16:58:29 fic-pam-20260829-195810-135396-debian12-bootstrap systemd[1]: Stopped fic-device.service - FIC device control daemon.
Aug 29 16:58:29 fic-pam-20260829-195810-135396-debian12-bootstrap systemd[1]: Started fic-device.service - FIC device control daemon.
Aug 29 16:58:29 fic-pam-20260829-195810-135396-debian12-bootstrap fic-dick[1330]: [2026-08-29 16:58:29.533 +0000] [ERROR] device policy activation failed: udevadm not found
Aug 29 16:58:29 fic-pam-20260829-195810-135396-debian12-bootstrap fic-dick[1330]: failed to activate device policy: udevadm not found
Aug 29 16:58:29 fic-pam-20260829-195810-135396-debian12-bootstrap systemd[1]: fic-device.service: Main process exited, code=exited, status=1/FAILURE
Aug 29 16:58:29 fic-pam-20260829-195810-135396-debian12-bootstrap systemd[1]: fic-device.service: Failed with result 'exit-code'.
Aug 29 16:58:29 fic-pam-20260829-195810-135396-debian12-bootstrap systemd[1]: fic-device.service: Scheduled restart job, restart counter is at 4.
Aug 29 16:58:29 fic-pam-20260829-195810-135396-debian12-bootstrap systemd[1]: Stopped fic-device.service - FIC device control daemon.
Aug 29 16:58:29 fic-pam-20260829-195810-135396-debian12-bootstrap systemd[1]: Started fic-device.service - FIC device control daemon.
Aug 29 16:58:29 fic-pam-20260829-195810-135396-debian12-bootstrap fic-dick[1331]: [2026-08-29 16:58:29.761 +0000] [ERROR] device policy activation failed: udevadm not found
Aug 29 16:58:29 fic-pam-20260829-195810-135396-debian12-bootstrap fic-dick[1331]: failed to activate device policy: udevadm not found
Aug 29 16:58:29 fic-pam-20260829-195810-135396-debian12-bootstrap systemd[1]: fic-device.service: Main process exited, code=exited, status=1/FAILURE
Aug 29 16:58:29 fic-pam-20260829-195810-135396-debian12-bootstrap systemd[1]: fic-device.service: Failed with result 'exit-code'.
Aug 29 16:58:29 fic-pam-20260829-195810-135396-debian12-bootstrap systemd[1]: fic-device.service: Scheduled restart job, restart counter is at 5.
Aug 29 16:58:29 fic-pam-20260829-195810-135396-debian12-bootstrap systemd[1]: Stopped fic-device.service - FIC device control daemon.
Aug 29 16:58:30 fic-pam-20260829-195810-135396-debian12-bootstrap systemd[1]: Started fic-device.service - FIC device control daemon.
Aug 29 16:58:30 fic-pam-20260829-195810-135396-debian12-bootstrap fic-dick[1332]: [2026-08-29 16:58:30.013 +0000] [ERROR] device policy activation failed: udevadm not found
Aug 29 16:58:30 fic-pam-20260829-195810-135396-debian12-bootstrap fic-dick[1332]: failed to activate device policy: udevadm not found
Aug 29 16:58:30 fic-pam-20260829-195810-135396-debian12-bootstrap systemd[1]: fic-device.service: Main process exited, code=exited, status=1/FAILURE
Aug 29 16:58:30 fic-pam-20260829-195810-135396-debian12-bootstrap systemd[1]: fic-device.service: Failed with result 'exit-code'.
Aug 29 16:58:30 fic-pam-20260829-195810-135396-debian12-bootstrap systemd[1]: fic-device.service: Scheduled restart job, restart counter is at 6.
Aug 29 16:58:30 fic-pam-20260829-195810-135396-debian12-bootstrap systemd[1]: Stopped fic-device.service - FIC device control daemon.
Aug 29 16:58:30 fic-pam-20260829-195810-135396-debian12-bootstrap systemd[1]: Started fic-device.service - FIC device control daemon.
Aug 29 16:58:30 fic-pam-20260829-195810-135396-debian12-bootstrap fic-dick[1333]: [2026-08-29 16:58:30.261 +0000] [ERROR] device policy activation failed: udevadm not found
Aug 29 16:58:30 fic-pam-20260829-195810-135396-debian12-bootstrap fic-dick[1333]: failed to activate device policy: udevadm not found
Aug 29 16:58:30 fic-pam-20260829-195810-135396-debian12-bootstrap systemd[1]: fic-device.service: Main process exited, code=exited, status=1/FAILURE
Aug 29 16:58:30 fic-pam-20260829-195810-135396-debian12-bootstrap systemd[1]: fic-device.service: Failed with result 'exit-code'.
Aug 29 16:58:30 fic-pam-20260829-195810-135396-debian12-bootstrap systemd[1]: fic-device.service: Scheduled restart job, restart counter is at 7.
Aug 29 16:58:30 fic-pam-20260829-195810-135396-debian12-bootstrap systemd[1]: Stopped fic-device.service - FIC device control daemon.
Aug 29 16:58:30 fic-pam-20260829-195810-135396-debian12-bootstrap systemd[1]: fic-device.service: Start request repeated too quickly.
Aug 29 16:58:30 fic-pam-20260829-195810-135396-debian12-bootstrap systemd[1]: fic-device.service: Failed with result 'exit-code'.
Aug 29 16:58:30 fic-pam-20260829-195810-135396-debian12-bootstrap systemd[1]: Failed to start fic-device.service - FIC device control daemon.

=== UDEV HELPER JOURNAL ===
Aug 29 16:58:29 fic-pam-20260829-195810-135396-debian12-bootstrap systemd[1]: Starting fic_get_device_udev_info.service - FIC late UDEV device reconciliation...
Aug 29 16:58:29 fic-pam-20260829-195810-135396-debian12-bootstrap fic-udevadm-trigger[1303]: udevadm not found
Aug 29 16:58:29 fic-pam-20260829-195810-135396-debian12-bootstrap systemd[1]: fic_get_device_udev_info.service: Main process exited, code=exited, status=1/FAILURE
Aug 29 16:58:29 fic-pam-20260829-195810-135396-debian12-bootstrap systemd[1]: fic_get_device_udev_info.service: Failed with result 'exit-code'.
Aug 29 16:58:29 fic-pam-20260829-195810-135396-debian12-bootstrap systemd[1]: Failed to start fic_get_device_udev_info.service - FIC late UDEV device reconciliation.

=== DPKG AUDIT ===
The following packages have been unpacked but not yet configured.
They must be configured using dpkg --configure or the configure
menu option in dselect for them to work:
 fic-cli              Free Integrity Control terminal client

The following packages are only half configured, probably due to problems
configuring them the first time.  The configuration should be retried using
dpkg --configure <package> or the configure menu option in dselect:
 fic                  Free Integrity Control daemon package with runtime data


=== FIC PACKAGES ===
Desired=Unknown/Install/Remove/Purge/Hold
| Status=Not/Inst/Conf-files/Unpacked/halF-conf/Half-inst/trig-aWait/Trig-pend
|/ Err?=(none)/Reinst-required (Status,Err: uppercase=bad)
||/ Name              Version      Architecture Description
+++-=================-============-============-=======================================================
iF  fic               0.0.0~alpha  amd64        Free Integrity Control daemon package with runtime data
iU  fic-cli           0.0.0~alpha  amd64        Free Integrity Control terminal client
ii  fic-dick          0.0.0~alpha  amd64        Free Integrity Control device collector binary
un  fic-session-agent <none>       <none>       (no description available)
