-- The CXX compiler identification is GNU 12.2.0
-- Detecting CXX compiler ABI info
-- Detecting CXX compiler ABI info - done
-- Check for working CXX compiler: /usr/bin/c++ - skipped
-- Detecting CXX compile features
-- Detecting CXX compile features - done
-- Found SQLite3: /usr/include (found version "3.40.1") 
-- Configuring done
-- Generating done
-- Build files have been written to: /tmp/fic-build-linux/FIC_DICK
[  5%] Building CXX object CMakeFiles/FIC_DICK.dir/src/core/InfoCollector.cpp.o
[ 11%] Building CXX object CMakeFiles/FIC_DICK.dir/src/main.cpp.o
[ 17%] Building CXX object CMakeFiles/FIC_DICK.dir/src/modules/BlockInfoCollector.cpp.o
[ 23%] Building CXX object CMakeFiles/FIC_DICK.dir/src/modules/BoardInfoCollector.cpp.o
[ 29%] Building CXX object CMakeFiles/FIC_DICK.dir/src/modules/CPUInfoCollector.cpp.o
[ 35%] Building CXX object CMakeFiles/FIC_DICK.dir/src/modules/MemoryInfoCollector.cpp.o
[ 41%] Building CXX object CMakeFiles/FIC_DICK.dir/src/modules/NetInfoCollector.cpp.o
[ 47%] Building CXX object CMakeFiles/FIC_DICK.dir/src/modules/PCIInfoCollector.cpp.o
[ 52%] Building CXX object CMakeFiles/FIC_DICK.dir/src/modules/UDEVInfoCollector.cpp.o
[ 58%] Building CXX object CMakeFiles/FIC_DICK.dir/src/modules/USBInfoCollector.cpp.o
[ 64%] Building CXX object CMakeFiles/FIC_DICK.dir/src/utils/DB.cpp.o
[ 70%] Building CXX object CMakeFiles/FIC_DICK.dir/src/utils/ExclusivePidLock.cpp.o
[ 76%] Building CXX object CMakeFiles/FIC_DICK.dir/src/utils/FileStats.cpp.o
[ 82%] Building CXX object CMakeFiles/FIC_DICK.dir/src/utils/Logger.cpp.o
[ 88%] Building CXX object CMakeFiles/FIC_DICK.dir/workspace/FIC/src/utils/FileHandler.cpp.o
[ 94%] Building CXX object CMakeFiles/FIC_DICK.dir/workspace/FIC/src/utils/ModuleConfigFileHandler.cpp.o
[100%] Linking CXX executable FIC_DICK
[100%] Built target FIC_DICK
-- The CXX compiler identification is GNU 12.2.0
-- Detecting CXX compiler ABI info
-- Detecting CXX compiler ABI info - done
-- Check for working CXX compiler: /usr/bin/c++ - skipped
-- Detecting CXX compile features
-- Detecting CXX compile features - done
-- Found SQLite3: /usr/include (found version "3.40.1") 
-- Configuring done
-- Generating done
-- Build files have been written to: /tmp/fic-build-linux/FIC
[  1%] Building CXX object CMakeFiles/FIC.dir/src/core/CheckAndFix.cpp.o
[  2%] Building CXX object CMakeFiles/FIC.dir/src/main.cpp.o
[  3%] Building CXX object CMakeFiles/FIC.dir/src/core/main_function.cpp.o
[  5%] Building CXX object CMakeFiles/FIC.dir/src/modules/dac/DAC.cpp.o
[  6%] Building CXX object CMakeFiles/FIC.dir/src/modules/dac/submodules/ModeAndOwner.cpp.o
[  7%] Building CXX object CMakeFiles/FIC.dir/src/modules/dac/submodules/Sudo.cpp.o
[  8%] Building CXX object CMakeFiles/FIC.dir/src/modules/dac/submodules/modeandowner/DAC_blocking_user_access_to_system_files.cpp.o
[ 10%] Building CXX object CMakeFiles/FIC.dir/src/modules/dac/submodules/modeandowner/DAC_custom_mode_and_owner.cpp.o
[ 11%] Building CXX object CMakeFiles/FIC.dir/src/modules/dac/submodules/modeandowner/DAC_systemcommandlock.cpp.o
[ 12%] Building CXX object CMakeFiles/FIC.dir/src/modules/dac/submodules/sudo/DAC_sudo_env_reset.cpp.o
[ 13%] Building CXX object CMakeFiles/FIC.dir/src/modules/dac/submodules/sudo/DAC_sudo_timeout.cpp.o
[ 15%] Building CXX object CMakeFiles/FIC.dir/src/modules/dac/submodules/sudo/DAC_sudo_passwd_tries.cpp.o
[ 16%] Building CXX object CMakeFiles/FIC.dir/src/modules/dac/submodules/sudo/DAC_sudo_securepath.cpp.o
[ 17%] Building CXX object CMakeFiles/FIC.dir/src/modules/global/GLOBAL.cpp.o
[ 18%] Building CXX object CMakeFiles/FIC.dir/src/modules/dc/DC.cpp.o
[ 20%] Building CXX object CMakeFiles/FIC.dir/src/modules/global/submodules/SystemSettings.cpp.o
[ 21%] Building CXX object CMakeFiles/FIC.dir/src/modules/global/submodules/systemsettings/GLOBAL_lang.cpp.o
[ 22%] Building CXX object CMakeFiles/FIC.dir/src/modules/global/submodules/systemsettings/GLOBAL_log_level.cpp.o
[ 24%] Building CXX object CMakeFiles/FIC.dir/src/modules/net/NET.cpp.o
[ 25%] Building CXX object CMakeFiles/FIC.dir/src/modules/net/submodules/Ssh.cpp.o
[ 26%] Building CXX object CMakeFiles/FIC.dir/src/modules/net/submodules/ssh/NET_ssh_max_auth_tries.cpp.o
[ 27%] Building CXX object CMakeFiles/FIC.dir/src/modules/net/submodules/ssh/NET_ssh_port.cpp.o
[ 29%] Building CXX object CMakeFiles/FIC.dir/src/modules/net/submodules/ssh/NET_ssh_pubkey_auth.cpp.o
[ 30%] Building CXX object CMakeFiles/FIC.dir/src/modules/net/submodules/ssh/NET_ssh_root_login.cpp.o
[ 31%] Building CXX object CMakeFiles/FIC.dir/src/modules/oss/OSS.cpp.o
[ 32%] Building CXX object CMakeFiles/FIC.dir/src/modules/oss/submodules/DesktopEnvironment.cpp.o
[ 34%] Building CXX object CMakeFiles/FIC.dir/src/modules/oss/submodules/DesktopEnvironment/OSS_screenlock_timeout.cpp.o
[ 35%] Building CXX object CMakeFiles/FIC.dir/src/modules/oss/submodules/DisplayManager.cpp.o
[ 36%] Building CXX object CMakeFiles/FIC.dir/src/modules/oss/submodules/DisplayManager/OSS_disable_autologin.cpp.o
[ 37%] Building CXX object CMakeFiles/FIC.dir/src/modules/oss/submodules/DisplayManager/OSS_disable_videodisplay_when_locked.cpp.o
[ 39%] Building CXX object CMakeFiles/FIC.dir/src/modules/oss/submodules/DisplayManager/OSS_lock_on_tty_switch.cpp.o
[ 40%] Building CXX object CMakeFiles/FIC.dir/src/modules/sysctl/Sysctl.cpp.o
[ 41%] Building CXX object CMakeFiles/FIC.dir/src/modules/sysctl/submodules/FSKernelProtection.cpp.o
[ 43%] Building CXX object CMakeFiles/FIC.dir/src/modules/sysctl/submodules/GlobalKernelProtection.cpp.o
[ 44%] Building CXX object CMakeFiles/FIC.dir/src/modules/sysctl/submodules/NetworkKernelProtection.cpp.o
[ 45%] Building CXX object CMakeFiles/FIC.dir/src/modules/sysctl/submodules/fskernelprotection/SYSCTL_fd_limits.cpp.o
[ 46%] Building CXX object CMakeFiles/FIC.dir/src/modules/sysctl/submodules/fskernelprotection/SYSCTL_fs_protection.cpp.o
[ 48%] Building CXX object CMakeFiles/FIC.dir/src/modules/sysctl/submodules/fskernelprotection/SYSCTL_nr_open_limit.cpp.o
[ 49%] Building CXX object CMakeFiles/FIC.dir/src/modules/sysctl/submodules/fskernelprotection/SYSCTL_protected_symlinks.cpp.o
[ 50%] Building CXX object CMakeFiles/FIC.dir/src/modules/sysctl/submodules/fskernelprotection/SYSCTL_suid_dump_disable.cpp.o
[ 51%] Building CXX object CMakeFiles/FIC.dir/src/modules/sysctl/submodules/globalkernelprotection/SYSCTL_buffer_overflow_protection.cpp.o
[ 53%] Building CXX object CMakeFiles/FIC.dir/src/modules/sysctl/submodules/globalkernelprotection/SYSCTL_dmesg_restrict.cpp.o
[ 54%] Building CXX object CMakeFiles/FIC.dir/src/modules/sysctl/submodules/globalkernelprotection/SYSCTL_kernel_code_execution_restrict.cpp.o
[ 55%] Building CXX object CMakeFiles/FIC.dir/src/modules/sysctl/submodules/globalkernelprotection/SYSCTL_perf_event_paranoid.cpp.o
[ 56%] Building CXX object CMakeFiles/FIC.dir/src/modules/sysctl/submodules/globalkernelprotection/SYSCTL_process_limits.cpp.o
[ 58%] Building CXX object CMakeFiles/FIC.dir/src/modules/sysctl/submodules/globalkernelprotection/SYSCTL_ptrace_restrict.cpp.o
[ 59%] Building CXX object CMakeFiles/FIC.dir/src/modules/sysctl/submodules/globalkernelprotection/SYSCTL_randomize_va_space.cpp.o
[ 60%] Building CXX object CMakeFiles/FIC.dir/src/modules/sysctl/submodules/globalkernelprotection/SYSCTL_threads_max_limit.cpp.o
[ 62%] Building CXX object CMakeFiles/FIC.dir/src/modules/sysctl/submodules/globalkernelprotection/SYSCTL_user_ns_restrict.cpp.o
[ 63%] Building CXX object CMakeFiles/FIC.dir/src/modules/sysctl/submodules/networkkernelprotection/SYSCTL_ipv4_default_accept_redirects_disable.cpp.o
[ 64%] Building CXX object CMakeFiles/FIC.dir/src/modules/sysctl/submodules/networkkernelprotection/SYSCTL_ipv4_default_rp_filter_enable.cpp.o
[ 65%] Building CXX object CMakeFiles/FIC.dir/src/modules/sysctl/submodules/networkkernelprotection/SYSCTL_ipv4_default_send_redirects_disable.cpp.o
[ 67%] Building CXX object CMakeFiles/FIC.dir/src/modules/sysctl/submodules/networkkernelprotection/SYSCTL_ipv6_all_accept_redirects_disable.cpp.o
[ 68%] Building CXX object CMakeFiles/FIC.dir/src/modules/sysctl/submodules/networkkernelprotection/SYSCTL_ipv6_default_accept_redirects_disable.cpp.o
[ 69%] Building CXX object CMakeFiles/FIC.dir/src/modules/sysctl/submodules/networkkernelprotection/SYSCTL_ipv6_packet_forwarding_disable.cpp.o
[ 70%] Building CXX object CMakeFiles/FIC.dir/src/modules/sysctl/submodules/networkkernelprotection/SYSCTL_packet_forwarding_disable.cpp.o
[ 72%] Building CXX object CMakeFiles/FIC.dir/src/modules/sysctl/submodules/networkkernelprotection/SYSCTL_redirects_disable.cpp.o
[ 73%] Building CXX object CMakeFiles/FIC.dir/src/modules/sysctl/submodules/networkkernelprotection/SYSCTL_rp_filter_enable.cpp.o
[ 74%] Building CXX object CMakeFiles/FIC.dir/src/modules/sysctl/submodules/networkkernelprotection/SYSCTL_tcp_keepalive_time.cpp.o
[ 75%] Building CXX object CMakeFiles/FIC.dir/src/modules/sysctl/submodules/networkkernelprotection/SYSCTL_syn_flood_protection.cpp.o
[ 77%] Building CXX object CMakeFiles/FIC.dir/src/modules/sysctl/submodules/networkkernelprotection/SYSCTL_send_redirects_disable.cpp.o
[ 78%] Building CXX object CMakeFiles/FIC.dir/src/modules/sysctl/submodules/networkkernelprotection/SYSCTL_tcp_max_syn_backlog.cpp.o
[ 79%] Building CXX object CMakeFiles/FIC.dir/src/modules/sysctl/submodules/networkkernelprotection/SYSCTL_tcp_synack_retries.cpp.o
[ 81%] Building CXX object CMakeFiles/FIC.dir/src/modules/sysctl/submodules/networkkernelprotection/SYSCTL_tcp_timeout.cpp.o
[ 82%] Building CXX object CMakeFiles/FIC.dir/src/utils/CommandExecutor.cpp.o
[ 83%] Building CXX object CMakeFiles/FIC.dir/src/utils/ConfigFileHandler.cpp.o
[ 84%] Building CXX object CMakeFiles/FIC.dir/src/utils/DB.cpp.o
[ 86%] Building CXX object CMakeFiles/FIC.dir/src/utils/ExclusivePidLock.cpp.o
[ 87%] Building CXX object CMakeFiles/FIC.dir/src/utils/FileHandler.cpp.o
[ 88%] Building CXX object CMakeFiles/FIC.dir/src/utils/FileStats.cpp.o
[ 89%] Building CXX object CMakeFiles/FIC.dir/src/utils/LocalizationManager.cpp.o
[ 91%] Building CXX object CMakeFiles/FIC.dir/src/utils/Logger.cpp.o
[ 92%] Building CXX object CMakeFiles/FIC.dir/src/utils/MultilineConfigFileHandler.cpp.o
[ 93%] Building CXX object CMakeFiles/FIC.dir/src/utils/ModuleConfigFileHandler.cpp.o
[ 94%] Building CXX object CMakeFiles/FIC.dir/src/utils/NotifyUser.cpp.o
[ 96%] Building CXX object CMakeFiles/FIC.dir/src/utils/PolicyTypeValue.cpp.o
[ 97%] Building CXX object CMakeFiles/FIC.dir/src/utils/SingleLineFileHandler.cpp.o
[ 98%] Building CXX object CMakeFiles/FIC.dir/src/utils/SectionConfigFileHandler.cpp.o
[100%] Linking CXX executable FIC
[100%] Built target FIC
-- The CXX compiler identification is GNU 12.2.0
-- Detecting CXX compiler ABI info
-- Detecting CXX compiler ABI info - done
-- Check for working CXX compiler: /usr/bin/c++ - skipped
-- Detecting CXX compile features
-- Detecting CXX compile features - done
-- Performing Test CMAKE_HAVE_LIBC_PTHREAD
-- Performing Test CMAKE_HAVE_LIBC_PTHREAD - Success
-- Found Threads: TRUE  
-- Performing Test HAVE_STDATOMIC
-- Performing Test HAVE_STDATOMIC - Success
-- Found WrapAtomic: TRUE  
-- Found OpenGL: /usr/lib/x86_64-linux-gnu/libOpenGL.so   
-- Found WrapOpenGL: TRUE  
-- Could NOT find XKB (missing: XKB_LIBRARY XKB_INCLUDE_DIR) (Required is at least version "0.5.0")
-- Found WrapVulkanHeaders: /usr/include  
-- Found SQLite3: /usr/include (found version "3.40.1") 
-- Found OpenSSL: /usr/lib/x86_64-linux-gnu/libcrypto.so (found version "3.0.19")  
-- Configuring done
-- Generating done
-- Build files have been written to: /tmp/fic-build-linux/FIC_GUI
[  1%] Automatic MOC and UIC for target FIC_GUI
[  1%] Built target FIC_GUI_autogen
[  2%] Building CXX object CMakeFiles/FIC_GUI.dir/FIC_GUI_autogen/mocs_compilation.cpp.o
[  3%] Building CXX object CMakeFiles/FIC_GUI.dir/src/DeviceAttributeList.cpp.o
[  4%] Building CXX object CMakeFiles/FIC_GUI.dir/src/DeviceTree.cpp.o
[  5%] Building CXX object CMakeFiles/FIC_GUI.dir/src/LogFilterProxyModel.cpp.o
[  6%] Building CXX object CMakeFiles/FIC_GUI.dir/src/LogModel.cpp.o
[  7%] Building CXX object CMakeFiles/FIC_GUI.dir/src/LogService.cpp.o
[  8%] Building CXX object CMakeFiles/FIC_GUI.dir/src/LogViewer.cpp.o
[  9%] Building CXX object CMakeFiles/FIC_GUI.dir/src/core/CheckAndFix.cpp.o
[ 10%] Building CXX object CMakeFiles/FIC_GUI.dir/src/core/main_function.cpp.o
[ 11%] Building CXX object CMakeFiles/FIC_GUI.dir/src/main.cpp.o
[ 13%] Building CXX object CMakeFiles/FIC_GUI.dir/src/mainwindow.cpp.o
[ 14%] Building CXX object CMakeFiles/FIC_GUI.dir/src/modules/dac/DAC.cpp.o
[ 15%] Building CXX object CMakeFiles/FIC_GUI.dir/src/modules/dac/submodules/ModeAndOwner.cpp.o
[ 16%] Building CXX object CMakeFiles/FIC_GUI.dir/src/modules/dac/submodules/Sudo.cpp.o
[ 17%] Building CXX object CMakeFiles/FIC_GUI.dir/src/modules/dac/submodules/modeandowner/DAC_blocking_user_access_to_system_files.cpp.o
[ 18%] Building CXX object CMakeFiles/FIC_GUI.dir/src/modules/dac/submodules/modeandowner/DAC_custom_mode_and_owner.cpp.o
[ 19%] Building CXX object CMakeFiles/FIC_GUI.dir/src/modules/dac/submodules/modeandowner/DAC_systemcommandlock.cpp.o
[ 20%] Building CXX object CMakeFiles/FIC_GUI.dir/src/modules/dac/submodules/sudo/DAC_sudo_env_reset.cpp.o
[ 21%] Building CXX object CMakeFiles/FIC_GUI.dir/src/modules/dac/submodules/sudo/DAC_sudo_passwd_tries.cpp.o
[ 22%] Building CXX object CMakeFiles/FIC_GUI.dir/src/modules/dac/submodules/sudo/DAC_sudo_securepath.cpp.o
[ 23%] Building CXX object CMakeFiles/FIC_GUI.dir/src/modules/dac/submodules/sudo/DAC_sudo_timeout.cpp.o
[ 25%] Building CXX object CMakeFiles/FIC_GUI.dir/src/modules/dc/DC.cpp.o
[ 26%] Building CXX object CMakeFiles/FIC_GUI.dir/src/modules/global/GLOBAL.cpp.o
[ 27%] Building CXX object CMakeFiles/FIC_GUI.dir/src/modules/global/submodules/SystemSettings.cpp.o
[ 28%] Building CXX object CMakeFiles/FIC_GUI.dir/src/modules/global/submodules/systemsettings/GLOBAL_lang.cpp.o
[ 29%] Building CXX object CMakeFiles/FIC_GUI.dir/src/modules/global/submodules/systemsettings/GLOBAL_log_level.cpp.o
[ 30%] Building CXX object CMakeFiles/FIC_GUI.dir/src/modules/net/NET.cpp.o
[ 31%] Building CXX object CMakeFiles/FIC_GUI.dir/src/modules/net/submodules/Ssh.cpp.o
[ 32%] Building CXX object CMakeFiles/FIC_GUI.dir/src/modules/net/submodules/ssh/NET_ssh_max_auth_tries.cpp.o
[ 33%] Building CXX object CMakeFiles/FIC_GUI.dir/src/modules/net/submodules/ssh/NET_ssh_port.cpp.o
[ 34%] Building CXX object CMakeFiles/FIC_GUI.dir/src/modules/net/submodules/ssh/NET_ssh_pubkey_auth.cpp.o
[ 35%] Building CXX object CMakeFiles/FIC_GUI.dir/src/modules/net/submodules/ssh/NET_ssh_root_login.cpp.o
[ 36%] Building CXX object CMakeFiles/FIC_GUI.dir/src/modules/oss/OSS.cpp.o
[ 38%] Building CXX object CMakeFiles/FIC_GUI.dir/src/modules/oss/submodules/DesktopEnvironment.cpp.o
[ 39%] Building CXX object CMakeFiles/FIC_GUI.dir/src/modules/oss/submodules/DesktopEnvironment/OSS_screenlock_timeout.cpp.o
[ 40%] Building CXX object CMakeFiles/FIC_GUI.dir/src/modules/oss/submodules/DisplayManager.cpp.o
[ 41%] Building CXX object CMakeFiles/FIC_GUI.dir/src/modules/oss/submodules/DisplayManager/OSS_disable_autologin.cpp.o
[ 42%] Building CXX object CMakeFiles/FIC_GUI.dir/src/modules/oss/submodules/DisplayManager/OSS_disable_videodisplay_when_locked.cpp.o
[ 43%] Building CXX object CMakeFiles/FIC_GUI.dir/src/modules/oss/submodules/DisplayManager/OSS_lock_on_tty_switch.cpp.o
[ 44%] Building CXX object CMakeFiles/FIC_GUI.dir/src/modules/sysctl/Sysctl.cpp.o
[ 45%] Building CXX object CMakeFiles/FIC_GUI.dir/src/modules/sysctl/submodules/FSKernelProtection.cpp.o
[ 46%] Building CXX object CMakeFiles/FIC_GUI.dir/src/modules/sysctl/submodules/GlobalKernelProtection.cpp.o
[ 47%] Building CXX object CMakeFiles/FIC_GUI.dir/src/modules/sysctl/submodules/NetworkKernelProtection.cpp.o
[ 48%] Building CXX object CMakeFiles/FIC_GUI.dir/src/modules/sysctl/submodules/fskernelprotection/SYSCTL_fd_limits.cpp.o
[ 50%] Building CXX object CMakeFiles/FIC_GUI.dir/src/modules/sysctl/submodules/fskernelprotection/SYSCTL_fs_protection.cpp.o
[ 51%] Building CXX object CMakeFiles/FIC_GUI.dir/src/modules/sysctl/submodules/fskernelprotection/SYSCTL_nr_open_limit.cpp.o
[ 52%] Building CXX object CMakeFiles/FIC_GUI.dir/src/modules/sysctl/submodules/fskernelprotection/SYSCTL_protected_symlinks.cpp.o
[ 53%] Building CXX object CMakeFiles/FIC_GUI.dir/src/modules/sysctl/submodules/fskernelprotection/SYSCTL_suid_dump_disable.cpp.o
[ 54%] Building CXX object CMakeFiles/FIC_GUI.dir/src/modules/sysctl/submodules/globalkernelprotection/SYSCTL_buffer_overflow_protection.cpp.o
[ 55%] Building CXX object CMakeFiles/FIC_GUI.dir/src/modules/sysctl/submodules/globalkernelprotection/SYSCTL_dmesg_restrict.cpp.o
[ 56%] Building CXX object CMakeFiles/FIC_GUI.dir/src/modules/sysctl/submodules/globalkernelprotection/SYSCTL_kernel_code_execution_restrict.cpp.o
[ 57%] Building CXX object CMakeFiles/FIC_GUI.dir/src/modules/sysctl/submodules/globalkernelprotection/SYSCTL_perf_event_paranoid.cpp.o
[ 58%] Building CXX object CMakeFiles/FIC_GUI.dir/src/modules/sysctl/submodules/globalkernelprotection/SYSCTL_process_limits.cpp.o
[ 59%] Building CXX object CMakeFiles/FIC_GUI.dir/src/modules/sysctl/submodules/globalkernelprotection/SYSCTL_ptrace_restrict.cpp.o
[ 60%] Building CXX object CMakeFiles/FIC_GUI.dir/src/modules/sysctl/submodules/globalkernelprotection/SYSCTL_randomize_va_space.cpp.o
[ 61%] Building CXX object CMakeFiles/FIC_GUI.dir/src/modules/sysctl/submodules/globalkernelprotection/SYSCTL_threads_max_limit.cpp.o
[ 63%] Building CXX object CMakeFiles/FIC_GUI.dir/src/modules/sysctl/submodules/globalkernelprotection/SYSCTL_user_ns_restrict.cpp.o
[ 64%] Building CXX object CMakeFiles/FIC_GUI.dir/src/modules/sysctl/submodules/networkkernelprotection/SYSCTL_ipv4_default_accept_redirects_disable.cpp.o
[ 65%] Building CXX object CMakeFiles/FIC_GUI.dir/src/modules/sysctl/submodules/networkkernelprotection/SYSCTL_ipv4_default_rp_filter_enable.cpp.o
[ 66%] Building CXX object CMakeFiles/FIC_GUI.dir/src/modules/sysctl/submodules/networkkernelprotection/SYSCTL_ipv4_default_send_redirects_disable.cpp.o
[ 67%] Building CXX object CMakeFiles/FIC_GUI.dir/src/modules/sysctl/submodules/networkkernelprotection/SYSCTL_ipv6_all_accept_redirects_disable.cpp.o
[ 68%] Building CXX object CMakeFiles/FIC_GUI.dir/src/modules/sysctl/submodules/networkkernelprotection/SYSCTL_ipv6_default_accept_redirects_disable.cpp.o
[ 69%] Building CXX object CMakeFiles/FIC_GUI.dir/src/modules/sysctl/submodules/networkkernelprotection/SYSCTL_ipv6_packet_forwarding_disable.cpp.o
[ 70%] Building CXX object CMakeFiles/FIC_GUI.dir/src/modules/sysctl/submodules/networkkernelprotection/SYSCTL_packet_forwarding_disable.cpp.o
[ 71%] Building CXX object CMakeFiles/FIC_GUI.dir/src/modules/sysctl/submodules/networkkernelprotection/SYSCTL_redirects_disable.cpp.o
[ 72%] Building CXX object CMakeFiles/FIC_GUI.dir/src/modules/sysctl/submodules/networkkernelprotection/SYSCTL_rp_filter_enable.cpp.o
[ 73%] Building CXX object CMakeFiles/FIC_GUI.dir/src/modules/sysctl/submodules/networkkernelprotection/SYSCTL_send_redirects_disable.cpp.o
[ 75%] Building CXX object CMakeFiles/FIC_GUI.dir/src/modules/sysctl/submodules/networkkernelprotection/SYSCTL_syn_flood_protection.cpp.o
[ 76%] Building CXX object CMakeFiles/FIC_GUI.dir/src/modules/sysctl/submodules/networkkernelprotection/SYSCTL_tcp_keepalive_time.cpp.o
[ 77%] Building CXX object CMakeFiles/FIC_GUI.dir/src/modules/sysctl/submodules/networkkernelprotection/SYSCTL_tcp_max_syn_backlog.cpp.o
[ 78%] Building CXX object CMakeFiles/FIC_GUI.dir/src/modules/sysctl/submodules/networkkernelprotection/SYSCTL_tcp_synack_retries.cpp.o
[ 79%] Building CXX object CMakeFiles/FIC_GUI.dir/src/modules/sysctl/submodules/networkkernelprotection/SYSCTL_tcp_timeout.cpp.o
[ 80%] Building CXX object CMakeFiles/FIC_GUI.dir/src/policy/PolicyEditorFactory.cpp.o
[ 81%] Building CXX object CMakeFiles/FIC_GUI.dir/src/utils/CommandExecutor.cpp.o
[ 82%] Building CXX object CMakeFiles/FIC_GUI.dir/src/utils/ConfigFileHandler.cpp.o
[ 83%] Building CXX object CMakeFiles/FIC_GUI.dir/src/utils/DB.cpp.o
[ 84%] Building CXX object CMakeFiles/FIC_GUI.dir/src/utils/ExclusivePidLock.cpp.o
[ 85%] Building CXX object CMakeFiles/FIC_GUI.dir/src/utils/FileHandler.cpp.o
[ 86%] Building CXX object CMakeFiles/FIC_GUI.dir/src/utils/FileStats.cpp.o
[ 88%] Building CXX object CMakeFiles/FIC_GUI.dir/src/utils/LocalizationManager.cpp.o
[ 89%] Building CXX object CMakeFiles/FIC_GUI.dir/src/utils/Logger.cpp.o
[ 90%] Building CXX object CMakeFiles/FIC_GUI.dir/src/utils/ModuleConfigFileHandler.cpp.o
[ 91%] Building CXX object CMakeFiles/FIC_GUI.dir/src/utils/MultilineConfigFileHandler.cpp.o
[ 92%] Building CXX object CMakeFiles/FIC_GUI.dir/src/utils/NotifyUser.cpp.o
[ 93%] Building CXX object CMakeFiles/FIC_GUI.dir/src/utils/PolicyTypeValue.cpp.o
[ 94%] Building CXX object CMakeFiles/FIC_GUI.dir/src/utils/SectionConfigFileHandler.cpp.o
[ 95%] Building CXX object CMakeFiles/FIC_GUI.dir/src/utils/SingleLineFileHandler.cpp.o
[ 96%] Building CXX object CMakeFiles/FIC_GUI.dir/src/wrappers/QConfigFileHandler.cpp.o
[ 97%] Building CXX object CMakeFiles/FIC_GUI.dir/src/wrappers/QLocalizationManager.cpp.o
[ 98%] Building CXX object CMakeFiles/FIC_GUI.dir/src/wrappers/QSingleLineFileHandler.cpp.o
[100%] Linking CXX executable FIC_GUI
[100%] Built target FIC_GUI
Packages created:
  /workspace/dist/fic-dick_0.1.0_amd64.deb
  /workspace/dist/fic_0.1.0_amd64.deb
  /workspace/dist/fic-gui_0.1.0_amd64.deb
